{"level":"INFO","message":"[12:16:26.074 PM]: Creating new connection object"}
{"level":"INFO","message":"[12:16:26.100 PM]: Creating Connection[id: 0a6d7ae0-1cd8-45ee-8068-8cd4a5e2cd5c] with host: snisfqw-os25266.snowflakecomputing.com, account: snisfqw-os25266, accessUrl: https://snisfqw-os25266.snowflakecomputing.com, user: SundarLingam, role: undefined, database: LEARNING_DB, schema: PUBLIC, warehouse: COMPUTE_WH, proxy was not configured, password is provided, region: undefined, authenticator: SNOWFLAKE, ocsp mode: FAIL_OPEN, os: win32, os version: 10.0.26200"}
{"level":"INFO","message":"[12:16:26.102 PM]: Connection[id: 0a6d7ae0-1cd8-45ee-8068-8cd4a5e2cd5c] additional details: passcode in password is provided, passcode is not provided, private key is not provided, application: undefined, client name: snowflake-sdk, client version: 2.3.5, retry timeout: 300, private key path: undefined, private key pass is not provided, client store temporary credential: false, browser response timeout: 120000"}
{"level":"INFO","message":"[12:16:26.103 PM]: Connection[id: 0a6d7ae0-1cd8-45ee-8068-8cd4a5e2cd5c] - connection object created successfully."}
{"level":"INFO","message":"[12:16:26.104 PM]: Connection[id: 0a6d7ae0-1cd8-45ee-8068-8cd4a5e2cd5c] - connecting. Associated Snowflake domain: GLOBAL"}
{"level":"INFO","message":"[12:16:26.117 PM]: Connection[id: 0a6d7ae0-1cd8-45ee-8068-8cd4a5e2cd5c] - authentication successful using: SNOWFLAKE"}
{"level":"INFO","message":"[12:16:26.118 PM]: Trying to initialize Easy Logging"}
{"level":"INFO","message":"[12:16:26.129 PM]: No client config detected."}
{"level":"INFO","message":"[12:16:26.130 PM]: No config file path found. Client config will not be used."}
{"level":"INFO","message":"[12:16:26.131 PM]: Easy Logging is disabled as no config has been found"}
{"level":"INFO","message":"[12:16:27.287 PM]: Connection[id: 0a6d7ae0-1cd8-45ee-8068-8cd4a5e2cd5c] - connection established successfully after 1182.33 milliseconds"}
{"level":"INFO","message":"[12:33:57.999 PM]: Creating new connection object"}
{"level":"INFO","message":"[12:33:58.024 PM]: Creating Connection[id: d8ecc613-326f-4e1f-a3e6-2cab9f0a9a0a] with host: snisfqw-os25266.snowflakecomputing.com, account: snisfqw-os25266, accessUrl: https://snisfqw-os25266.snowflakecomputing.com, user: SundarLingam, role: undefined, database: LEARNING_DB, schema: PUBLIC, warehouse: COMPUTE_WH, proxy was not configured, password is provided, region: undefined, authenticator: SNOWFLAKE, ocsp mode: FAIL_OPEN, os: win32, os version: 10.0.26200"}
{"level":"INFO","message":"[12:33:58.026 PM]: Connection[id: d8ecc613-326f-4e1f-a3e6-2cab9f0a9a0a] additional details: passcode in password is provided, passcode is not provided, private key is not provided, application: undefined, client name: snowflake-sdk, client version: 2.3.5, retry timeout: 300, private key path: undefined, private key pass is not provided, client store temporary credential: false, browser response timeout: 120000"}
{"level":"INFO","message":"[12:33:58.027 PM]: Connection[id: d8ecc613-326f-4e1f-a3e6-2cab9f0a9a0a] - connection object created successfully."}
{"level":"INFO","message":"[12:33:58.028 PM]: Connection[id: d8ecc613-326f-4e1f-a3e6-2cab9f0a9a0a] - connecting. Associated Snowflake domain: GLOBAL"}
{"level":"INFO","message":"[12:33:58.037 PM]: Connection[id: d8ecc613-326f-4e1f-a3e6-2cab9f0a9a0a] - authentication successful using: SNOWFLAKE"}
{"level":"INFO","message":"[12:33:58.038 PM]: Trying to initialize Easy Logging"}
{"level":"INFO","message":"[12:33:58.051 PM]: No client config detected."}
{"level":"INFO","message":"[12:33:58.052 PM]: No config file path found. Client config will not be used."}
{"level":"INFO","message":"[12:33:58.053 PM]: Easy Logging is disabled as no config has been found"}
{"level":"INFO","message":"[12:33:58.769 PM]: Connection[id: d8ecc613-326f-4e1f-a3e6-2cab9f0a9a0a] - connection established successfully after 741.32 milliseconds"}
{"level":"INFO","message":"[12:50:25.319 PM]: Creating new connection object"}
{"level":"INFO","message":"[12:50:25.352 PM]: Creating Connection[id: 996385e0-ac64-4a19-b2f1-8243439daed3] with host: snisfqw-os25266.snowflakecomputing.com, account: snisfqw-os25266, accessUrl: https://snisfqw-os25266.snowflakecomputing.com, user: SundarLingam, role: undefined, database: LEARNING_DB, schema: PUBLIC, warehouse: COMPUTE_WH, proxy was not configured, password is provided, region: undefined, authenticator: SNOWFLAKE, ocsp mode: FAIL_OPEN, os: win32, os version: 10.0.26200"}
{"level":"INFO","message":"[12:50:25.353 PM]: Connection[id: 996385e0-ac64-4a19-b2f1-8243439daed3] additional details: passcode in password is provided, passcode is not provided, private key is not provided, application: undefined, client name: snowflake-sdk, client version: 2.3.5, retry timeout: 300, private key path: undefined, private key pass is not provided, client store temporary credential: false, browser response timeout: 120000"}
{"level":"INFO","message":"[12:50:25.354 PM]: Connection[id: 996385e0-ac64-4a19-b2f1-8243439daed3] - connection object created successfully."}
{"level":"INFO","message":"[12:50:25.355 PM]: Connection[id: 996385e0-ac64-4a19-b2f1-8243439daed3] - connecting. Associated Snowflake domain: GLOBAL"}
{"level":"INFO","message":"[12:50:25.372 PM]: Connection[id: 996385e0-ac64-4a19-b2f1-8243439daed3] - authentication successful using: SNOWFLAKE"}
{"level":"INFO","message":"[12:50:25.373 PM]: Trying to initialize Easy Logging"}
{"level":"INFO","message":"[12:50:25.387 PM]: No client config detected."}
{"level":"INFO","message":"[12:50:25.387 PM]: No config file path found. Client config will not be used."}
{"level":"INFO","message":"[12:50:25.389 PM]: Easy Logging is disabled as no config has been found"}
{"level":"INFO","message":"[12:50:26.137 PM]: Connection[id: 996385e0-ac64-4a19-b2f1-8243439daed3] - connection established successfully after 781.48 milliseconds"}
{"level":"INFO","message":"[3:58:24.673 PM]: Creating new connection object"}
{"level":"INFO","message":"[3:58:24.708 PM]: Creating Connection[id: 5a1a38ae-bb1d-49f0-92fd-bec4fa1f09d5] with host: snisfqw-os25266.snowflakecomputing.com, account: snisfqw-os25266, accessUrl: https://snisfqw-os25266.snowflakecomputing.com, user: SundarLingam, role: undefined, database: LEARNING_DB, schema: PUBLIC, warehouse: COMPUTE_WH, proxy was not configured, password is provided, region: undefined, authenticator: SNOWFLAKE, ocsp mode: FAIL_OPEN, os: win32, os version: 10.0.26200"}
{"level":"INFO","message":"[3:58:24.710 PM]: Connection[id: 5a1a38ae-bb1d-49f0-92fd-bec4fa1f09d5] additional details: passcode in password is provided, passcode is not provided, private key is not provided, application: undefined, client name: snowflake-sdk, client version: 2.3.5, retry timeout: 300, private key path: undefined, private key pass is not provided, client store temporary credential: false, browser response timeout: 120000"}
{"level":"INFO","message":"[3:58:24.713 PM]: Connection[id: 5a1a38ae-bb1d-49f0-92fd-bec4fa1f09d5] - connection object created successfully."}
{"level":"INFO","message":"[3:58:24.714 PM]: Connection[id: 5a1a38ae-bb1d-49f0-92fd-bec4fa1f09d5] - connecting. Associated Snowflake domain: GLOBAL"}
{"level":"INFO","message":"[3:58:24.733 PM]: Connection[id: 5a1a38ae-bb1d-49f0-92fd-bec4fa1f09d5] - authentication successful using: SNOWFLAKE"}
{"level":"INFO","message":"[3:58:24.734 PM]: Trying to initialize Easy Logging"}
{"level":"INFO","message":"[3:58:24.750 PM]: No client config detected."}
{"level":"INFO","message":"[3:58:24.752 PM]: No config file path found. Client config will not be used."}
{"level":"INFO","message":"[3:58:24.754 PM]: Easy Logging is disabled as no config has been found"}
{"level":"INFO","message":"[3:58:26.066 PM]: Connection[id: 5a1a38ae-bb1d-49f0-92fd-bec4fa1f09d5] - connection established successfully after 1352.11 milliseconds"}
{"level":"INFO","message":"[4:17:45.014 PM]: Creating new connection object"}
{"level":"INFO","message":"[4:17:45.040 PM]: Creating Connection[id: 2c87c279-4b6c-4d25-9526-1648f7147bc8] with host: snisfqw-os25266.snowflakecomputing.com, account: snisfqw-os25266, accessUrl: https://snisfqw-os25266.snowflakecomputing.com, user: SundarLingam, role: undefined, database: LEARNING_DB, schema: PUBLIC, warehouse: COMPUTE_WH, proxy was not configured, password is provided, region: undefined, authenticator: SNOWFLAKE, ocsp mode: FAIL_OPEN, os: win32, os version: 10.0.26200"}
{"level":"INFO","message":"[4:17:45.042 PM]: Connection[id: 2c87c279-4b6c-4d25-9526-1648f7147bc8] additional details: passcode in password is provided, passcode is not provided, private key is not provided, application: undefined, client name: snowflake-sdk, client version: 2.3.5, retry timeout: 300, private key path: undefined, private key pass is not provided, client store temporary credential: false, browser response timeout: 120000"}
{"level":"INFO","message":"[4:17:45.043 PM]: Connection[id: 2c87c279-4b6c-4d25-9526-1648f7147bc8] - connection object created successfully."}
{"level":"INFO","message":"[4:17:45.044 PM]: Connection[id: 2c87c279-4b6c-4d25-9526-1648f7147bc8] - connecting. Associated Snowflake domain: GLOBAL"}
{"level":"INFO","message":"[4:17:45.056 PM]: Connection[id: 2c87c279-4b6c-4d25-9526-1648f7147bc8] - authentication successful using: SNOWFLAKE"}
{"level":"INFO","message":"[4:17:45.057 PM]: Trying to initialize Easy Logging"}
{"level":"INFO","message":"[4:17:45.075 PM]: No client config detected."}
{"level":"INFO","message":"[4:17:45.075 PM]: No config file path found. Client config will not be used."}
{"level":"INFO","message":"[4:17:45.076 PM]: Easy Logging is disabled as no config has been found"}
{"level":"INFO","message":"[4:17:46.080 PM]: Connection[id: 2c87c279-4b6c-4d25-9526-1648f7147bc8] - connection established successfully after 1035.71 milliseconds"}
{"level":"INFO","message":"[4:25:43.959 PM]: Creating new connection object"}
{"level":"INFO","message":"[4:25:43.981 PM]: Creating Connection[id: cb7bbb8a-6578-4d68-8229-27208842e850] with host: snisfqw-os25266.snowflakecomputing.com, account: snisfqw-os25266, accessUrl: https://snisfqw-os25266.snowflakecomputing.com, user: SundarLingam, role: undefined, database: LEARNING_DB, schema: PUBLIC, warehouse: COMPUTE_WH, proxy was not configured, password is provided, region: undefined, authenticator: SNOWFLAKE, ocsp mode: FAIL_OPEN, os: win32, os version: 10.0.26200"}
{"level":"INFO","message":"[4:25:43.983 PM]: Connection[id: cb7bbb8a-6578-4d68-8229-27208842e850] additional details: passcode in password is provided, passcode is not provided, private key is not provided, application: undefined, client name: snowflake-sdk, client version: 2.3.5, retry timeout: 300, private key path: undefined, private key pass is not provided, client store temporary credential: false, browser response timeout: 120000"}
{"level":"INFO","message":"[4:25:43.984 PM]: Connection[id: cb7bbb8a-6578-4d68-8229-27208842e850] - connection object created successfully."}
{"level":"INFO","message":"[4:25:43.986 PM]: Connection[id: cb7bbb8a-6578-4d68-8229-27208842e850] - connecting. Associated Snowflake domain: GLOBAL"}
{"level":"INFO","message":"[4:25:43.998 PM]: Connection[id: cb7bbb8a-6578-4d68-8229-27208842e850] - authentication successful using: SNOWFLAKE"}
{"level":"INFO","message":"[4:25:44.001 PM]: Trying to initialize Easy Logging"}
{"level":"INFO","message":"[4:25:44.020 PM]: No client config detected."}
{"level":"INFO","message":"[4:25:44.020 PM]: No config file path found. Client config will not be used."}
{"level":"INFO","message":"[4:25:44.023 PM]: Easy Logging is disabled as no config has been found"}
{"level":"INFO","message":"[4:25:44.742 PM]: Connection[id: cb7bbb8a-6578-4d68-8229-27208842e850] - connection established successfully after 757.03 milliseconds"}
{"level":"INFO","message":"[4:41:01.643 PM]: Creating new connection object"}
{"level":"INFO","message":"[4:41:01.657 PM]: Creating Connection[id: e9d23578-de3e-45d9-82aa-a4346de8086b] with host: snisfqw-os25266.snowflakecomputing.com, account: snisfqw-os25266, accessUrl: https://snisfqw-os25266.snowflakecomputing.com, user: SundarLingam, role: undefined, database: LEARNING_DB, schema: PUBLIC, warehouse: COMPUTE_WH, proxy was not configured, password is provided, region: undefined, authenticator: SNOWFLAKE, ocsp mode: FAIL_OPEN, os: win32, os version: 10.0.26200"}
{"level":"INFO","message":"[4:41:01.658 PM]: Connection[id: e9d23578-de3e-45d9-82aa-a4346de8086b] additional details: passcode in password is provided, passcode is not provided, private key is not provided, application: undefined, client name: snowflake-sdk, client version: 2.3.5, retry timeout: 300, private key path: undefined, private key pass is not provided, client store temporary credential: false, browser response timeout: 120000"}
{"level":"INFO","message":"[4:41:01.659 PM]: Connection[id: e9d23578-de3e-45d9-82aa-a4346de8086b] - connection object created successfully."}
{"level":"INFO","message":"[4:41:01.660 PM]: Connection[id: e9d23578-de3e-45d9-82aa-a4346de8086b] - connecting. Associated Snowflake domain: GLOBAL"}
{"level":"INFO","message":"[4:41:01.673 PM]: Connection[id: e9d23578-de3e-45d9-82aa-a4346de8086b] - authentication successful using: SNOWFLAKE"}
{"level":"INFO","message":"[4:41:01.674 PM]: Trying to initialize Easy Logging"}
{"level":"INFO","message":"[4:41:01.685 PM]: No client config detected."}
{"level":"INFO","message":"[4:41:01.687 PM]: No config file path found. Client config will not be used."}
{"level":"INFO","message":"[4:41:01.688 PM]: Easy Logging is disabled as no config has been found"}
{"level":"INFO","message":"[4:41:02.391 PM]: Connection[id: e9d23578-de3e-45d9-82aa-a4346de8086b] - connection established successfully after 731.56 milliseconds"}
{"level":"INFO","message":"[4:46:55.091 PM]: Creating new connection object"}
{"level":"INFO","message":"[4:46:55.107 PM]: Creating Connection[id: b4452310-0ce0-4896-93c9-f3a9318ddcbc] with host: snisfqw-os25266.snowflakecomputing.com, account: snisfqw-os25266, accessUrl: https://snisfqw-os25266.snowflakecomputing.com, user: SundarLingam, role: undefined, database: LEARNING_DB, schema: PUBLIC, warehouse: COMPUTE_WH, proxy was not configured, password is provided, region: undefined, authenticator: SNOWFLAKE, ocsp mode: FAIL_OPEN, os: win32, os version: 10.0.26200"}
{"level":"INFO","message":"[4:46:55.107 PM]: Connection[id: b4452310-0ce0-4896-93c9-f3a9318ddcbc] additional details: passcode in password is provided, passcode is not provided, private key is not provided, application: undefined, client name: snowflake-sdk, client version: 2.3.5, retry timeout: 300, private key path: undefined, private key pass is not provided, client store temporary credential: false, browser response timeout: 120000"}
{"level":"INFO","message":"[4:46:55.108 PM]: Connection[id: b4452310-0ce0-4896-93c9-f3a9318ddcbc] - connection object created successfully."}
{"level":"INFO","message":"[4:46:55.109 PM]: Connection[id: b4452310-0ce0-4896-93c9-f3a9318ddcbc] - connecting. Associated Snowflake domain: GLOBAL"}
{"level":"INFO","message":"[4:46:55.119 PM]: Connection[id: b4452310-0ce0-4896-93c9-f3a9318ddcbc] - authentication successful using: SNOWFLAKE"}
{"level":"INFO","message":"[4:46:55.120 PM]: Trying to initialize Easy Logging"}
{"level":"INFO","message":"[4:46:55.127 PM]: No client config detected."}
{"level":"INFO","message":"[4:46:55.128 PM]: No config file path found. Client config will not be used."}
{"level":"INFO","message":"[4:46:55.129 PM]: Easy Logging is disabled as no config has been found"}
{"level":"INFO","message":"[4:46:55.808 PM]: Connection[id: b4452310-0ce0-4896-93c9-f3a9318ddcbc] - connection established successfully after 698.52 milliseconds"}
{"level":"INFO","message":"[4:51:05.435 PM]: Creating new connection object"}
{"level":"INFO","message":"[4:51:05.454 PM]: Creating Connection[id: dc987a91-829a-42ed-9f97-fe8882301ed1] with host: snisfqw-os25266.snowflakecomputing.com, account: snisfqw-os25266, accessUrl: https://snisfqw-os25266.snowflakecomputing.com, user: SundarLingam, role: undefined, database: LEARNING_DB, schema: PUBLIC, warehouse: COMPUTE_WH, proxy was not configured, password is provided, region: undefined, authenticator: SNOWFLAKE, ocsp mode: FAIL_OPEN, os: win32, os version: 10.0.26200"}
{"level":"INFO","message":"[4:51:05.455 PM]: Connection[id: dc987a91-829a-42ed-9f97-fe8882301ed1] additional details: passcode in password is provided, passcode is not provided, private key is not provided, application: undefined, client name: snowflake-sdk, client version: 2.3.5, retry timeout: 300, private key path: undefined, private key pass is not provided, client store temporary credential: false, browser response timeout: 120000"}
{"level":"INFO","message":"[4:51:05.455 PM]: Connection[id: dc987a91-829a-42ed-9f97-fe8882301ed1] - connection object created successfully."}
{"level":"INFO","message":"[4:51:05.456 PM]: Connection[id: dc987a91-829a-42ed-9f97-fe8882301ed1] - connecting. Associated Snowflake domain: GLOBAL"}
{"level":"INFO","message":"[4:51:05.465 PM]: Connection[id: dc987a91-829a-42ed-9f97-fe8882301ed1] - authentication successful using: SNOWFLAKE"}
{"level":"INFO","message":"[4:51:05.466 PM]: Trying to initialize Easy Logging"}
{"level":"INFO","message":"[4:51:05.475 PM]: No client config detected."}
{"level":"INFO","message":"[4:51:05.476 PM]: No config file path found. Client config will not be used."}
{"level":"INFO","message":"[4:51:05.478 PM]: Easy Logging is disabled as no config has been found"}
{"level":"INFO","message":"[4:51:06.357 PM]: Connection[id: dc987a91-829a-42ed-9f97-fe8882301ed1] - connection established successfully after 901.15 milliseconds"}
{"level":"INFO","message":"[6:18:12.719 PM]: Creating new connection object"}
{"level":"INFO","message":"[6:18:12.782 PM]: Creating Connection[id: be00d0de-2ca8-4388-867c-18403fe68cf2] with host: snisfqw-os25266.snowflakecomputing.com, account: snisfqw-os25266, accessUrl: https://snisfqw-os25266.snowflakecomputing.com, user: SundarLingam, role: undefined, database: LEARNING_DB, schema: PUBLIC, warehouse: COMPUTE_WH, proxy was not configured, password is provided, region: undefined, authenticator: SNOWFLAKE, ocsp mode: FAIL_OPEN, os: win32, os version: 10.0.26200"}
{"level":"INFO","message":"[6:18:12.784 PM]: Connection[id: be00d0de-2ca8-4388-867c-18403fe68cf2] additional details: passcode in password is provided, passcode is not provided, private key is not provided, application: undefined, client name: snowflake-sdk, client version: 2.3.5, retry timeout: 300, private key path: undefined, private key pass is not provided, client store temporary credential: false, browser response timeout: 120000"}
{"level":"INFO","message":"[6:18:12.786 PM]: Connection[id: be00d0de-2ca8-4388-867c-18403fe68cf2] - connection object created successfully."}
{"level":"INFO","message":"[6:18:12.789 PM]: Connection[id: be00d0de-2ca8-4388-867c-18403fe68cf2] - connecting. Associated Snowflake domain: GLOBAL"}
{"level":"INFO","message":"[6:18:12.821 PM]: Connection[id: be00d0de-2ca8-4388-867c-18403fe68cf2] - authentication successful using: SNOWFLAKE"}
{"level":"INFO","message":"[6:18:12.823 PM]: Trying to initialize Easy Logging"}
{"level":"INFO","message":"[6:18:12.858 PM]: No client config detected."}
{"level":"INFO","message":"[6:18:12.862 PM]: No config file path found. Client config will not be used."}
{"level":"INFO","message":"[6:18:12.865 PM]: Easy Logging is disabled as no config has been found"}
{"level":"INFO","message":"[6:18:13.888 PM]: Connection[id: be00d0de-2ca8-4388-867c-18403fe68cf2] - connection established successfully after 1099.08 milliseconds"}
{"level":"INFO","message":"[10:01:33.019 AM]: Creating new connection object"}
{"level":"INFO","message":"[10:01:33.061 AM]: Creating Connection[id: db47b7b0-3888-4e6d-9eb7-a2274d492664] with host: snisfqw-os25266.snowflakecomputing.com, account: snisfqw-os25266, accessUrl: https://snisfqw-os25266.snowflakecomputing.com, user: SundarLingam, role: undefined, database: LEARNING_DB, schema: PUBLIC, warehouse: COMPUTE_WH, proxy was not configured, password is provided, region: undefined, authenticator: SNOWFLAKE, ocsp mode: FAIL_OPEN, os: win32, os version: 10.0.26200"}
{"level":"INFO","message":"[10:01:33.063 AM]: Connection[id: db47b7b0-3888-4e6d-9eb7-a2274d492664] additional details: passcode in password is provided, passcode is not provided, private key is not provided, application: undefined, client name: snowflake-sdk, client version: 2.3.5, retry timeout: 300, private key path: undefined, private key pass is not provided, client store temporary credential: false, browser response timeout: 120000"}
{"level":"INFO","message":"[10:01:33.065 AM]: Connection[id: db47b7b0-3888-4e6d-9eb7-a2274d492664] - connection object created successfully."}
{"level":"INFO","message":"[10:01:33.067 AM]: Connection[id: db47b7b0-3888-4e6d-9eb7-a2274d492664] - connecting. Associated Snowflake domain: GLOBAL"}
{"level":"INFO","message":"[10:01:33.085 AM]: Connection[id: db47b7b0-3888-4e6d-9eb7-a2274d492664] - authentication successful using: SNOWFLAKE"}
{"level":"INFO","message":"[10:01:33.087 AM]: Trying to initialize Easy Logging"}
{"level":"INFO","message":"[10:01:33.099 AM]: No client config detected."}
{"level":"INFO","message":"[10:01:33.101 AM]: No config file path found. Client config will not be used."}
{"level":"INFO","message":"[10:01:33.104 AM]: Easy Logging is disabled as no config has been found"}
{"level":"INFO","message":"[10:01:34.875 AM]: Connection[id: db47b7b0-3888-4e6d-9eb7-a2274d492664] - connection established successfully after 1808.53 milliseconds"}
